
> novel-rpg-game@1.0.0 test
> jest src/services/LargeNovelIntegration.test.ts --testNamePattern=should process small novels --no-coverage

  console.log
    Pride and Prejudice size: 702975 bytes (~686KB)

      at Object.<anonymous> (src/services/LargeNovelIntegration.test.ts:42:13)

  console.log
    Simple test novel size: 1287 bytes (~1KB)

      at Object.<anonymous> (src/services/LargeNovelIntegration.test.ts:43:13)

  console.log
    Γ£à AssistantService initialized successfully

      at OpenAIAssistantService.initialize (src/services/AssistantService.ts:140:15)

  console.log
    ≡ƒôè Started tracking operation: analyze_novel_1768347439890 with 7 steps

      at ProgressTracker.startOperation (src/services/ProgressTracker.ts:60:13)

  console.log
    ≡ƒöä Step started: Setting up analysis

      at ProgressTracker.startStep (src/services/ProgressTracker.ts:85:15)

  console.log
    ≡ƒôè Novel text length: 1287 chars

      at src/services/NovelAnalyzer.ts:94:19

  console.log
    ≡ƒñû Using OpenAI Assistants API with file search for full novel context

      at src/services/NovelAnalyzer.ts:95:19

  console.log
    Γ£à AssistantService initialized successfully

      at OpenAIAssistantService.initialize (src/services/AssistantService.ts:140:15)

  console.log
    Γ£à Step completed: Setting up analysis

      at ProgressTracker.completeStep (src/services/ProgressTracker.ts:102:15)

  console.log
    ≡ƒöä Step started: Uploading novel

      at ProgressTracker.startStep (src/services/ProgressTracker.ts:85:15)

  console.log
    ≡ƒôñ Uploading novel to OpenAI...

      at src/services/NovelAnalyzer.ts:103:19

  console.log
    ≡ƒôè Started tracking operation: upload_1768347439916 with 2 steps

      at ProgressTracker.startOperation (src/services/ProgressTracker.ts:60:13)

  console.log
    ≡ƒôñ Uploading novel file: C:\Users\conce\AppData\Local\Temp\novel-1768347439874.txt

      at src/services/AssistantService.ts:165:19

  console.log
    ≡ƒöä Step started: Validating file

      at ProgressTracker.startStep (src/services/ProgressTracker.ts:85:15)

  console.log
    Γ£à Step completed: Validating file

      at ProgressTracker.completeStep (src/services/ProgressTracker.ts:102:15)

  console.log
    ≡ƒöä Step started: Uploading to OpenAI

      at ProgressTracker.startStep (src/services/ProgressTracker.ts:85:15)

  console.log
    Γ£à Step completed: Uploading to OpenAI

      at ProgressTracker.completeStep (src/services/ProgressTracker.ts:102:15)

  console.log
    Γ£à File uploaded successfully: file-KUxym5wWhvLLfEwWsDEHTm

      at src/services/AssistantService.ts:270:19

  console.log
    ≡ƒÄë Operation completed: upload_1768347439916

      at ProgressTracker.completeOperation (src/services/ProgressTracker.ts:152:13)

  console.log
    Γ£à Step completed: Uploading novel

      at ProgressTracker.completeStep (src/services/ProgressTracker.ts:102:15)

  console.log
    ≡ƒöä Step started: Creating assistant

      at ProgressTracker.startStep (src/services/ProgressTracker.ts:85:15)

  console.log
    ≡ƒñû Creating specialized novel analysis assistant...

      at src/services/NovelAnalyzer.ts:109:19

  console.log
    ≡ƒôè Started tracking operation: create_assistant_1768347440513 with 2 steps

      at ProgressTracker.startOperation (src/services/ProgressTracker.ts:60:13)

  console.log
    ≡ƒñû Creating novel analysis assistant with file: file-KUxym5wWhvLLfEwWsDEHTm

      at src/services/AssistantService.ts:308:19

  console.log
    ≡ƒöä Step started: Creating vector store

      at ProgressTracker.startStep (src/services/ProgressTracker.ts:85:15)

  console.log
    Γ£à Step completed: Creating vector store

      at ProgressTracker.completeStep (src/services/ProgressTracker.ts:102:15)

  console.log
    ≡ƒôÜ Vector store created: vs_6966d731e1248191bc0d935b62178bca

      at src/services/AssistantService.ts:347:19

  console.log
    ≡ƒöä Step started: Creating assistant

      at ProgressTracker.startStep (src/services/ProgressTracker.ts:85:15)

  console.log
    Γ£à Step completed: Creating assistant

      at ProgressTracker.completeStep (src/services/ProgressTracker.ts:102:15)

  console.log
    Γ£à Assistant created successfully: asst_UJoLzmaHARejMYX0PNUW8nLw

      at src/services/AssistantService.ts:402:19

  console.log
    ≡ƒÄë Operation completed: create_assistant_1768347440513

      at ProgressTracker.completeOperation (src/services/ProgressTracker.ts:152:13)

  console.log
    Γ£à Step completed: Creating assistant

      at ProgressTracker.completeStep (src/services/ProgressTracker.ts:102:15)

  console.log
    ≡ƒöä Step started: Extracting characters

      at ProgressTracker.startStep (src/services/ProgressTracker.ts:85:15)

  console.log
    ≡ƒôÜ Extracting characters using assistant...

      at src/services/NovelAnalyzer.ts:115:19

  console.log
    ≡ƒôè Started tracking operation: query_1768347442174 with 4 steps

      at ProgressTracker.startOperation (src/services/ProgressTracker.ts:60:13)

  console.log
    ≡ƒöä Step started: Creating thread

      at ProgressTracker.startStep (src/services/ProgressTracker.ts:85:15)

  console.log
    Γ£à Step completed: Creating thread

      at ProgressTracker.completeStep (src/services/ProgressTracker.ts:102:15)

  console.log
    ≡ƒöä Step started: Adding message

      at ProgressTracker.startStep (src/services/ProgressTracker.ts:85:15)

  console.log
    Γ£à Step completed: Adding message

      at ProgressTracker.completeStep (src/services/ProgressTracker.ts:102:15)

  console.log
    ≡ƒöä Step started: Running assistant

      at ProgressTracker.startStep (src/services/ProgressTracker.ts:85:15)

  console.log
    ΓÅ│ Assistant run in progress: queued (0.0%)

      at OpenAIAssistantService.waitForRunCompletionWithProgress (src/services/AssistantService.ts:659:15)

  console.log
    ΓÅ│ Assistant run in progress: in_progress (11.3%)

      at OpenAIAssistantService.waitForRunCompletionWithProgress (src/services/AssistantService.ts:659:15)

  console.log
    Γ£à Step completed: Running assistant

      at ProgressTracker.completeStep (src/services/ProgressTracker.ts:102:15)

  console.log
    ≡ƒöä Step started: Getting response

      at ProgressTracker.startStep (src/services/ProgressTracker.ts:85:15)

  console.log
    Γ£à Step completed: Getting response

      at ProgressTracker.completeStep (src/services/ProgressTracker.ts:102:15)

  console.log
    ≡ƒÄë Operation completed: query_1768347442174

      at ProgressTracker.completeOperation (src/services/ProgressTracker.ts:152:13)

  console.log
    Γ£à Step completed: Extracting characters

      at ProgressTracker.completeStep (src/services/ProgressTracker.ts:102:15)

  console.log
    ≡ƒöä Step started: Extracting plot points

      at ProgressTracker.startStep (src/services/ProgressTracker.ts:85:15)

  console.log
    ≡ƒôû Extracting plot points using assistant...

      at src/services/NovelAnalyzer.ts:121:19

  console.log
    ≡ƒôè Started tracking operation: query_1768347454712 with 4 steps

      at ProgressTracker.startOperation (src/services/ProgressTracker.ts:60:13)

  console.log
    ≡ƒöä Step started: Creating thread

      at ProgressTracker.startStep (src/services/ProgressTracker.ts:85:15)

  console.log
    Γ£à Step completed: Creating thread

      at ProgressTracker.completeStep (src/services/ProgressTracker.ts:102:15)

  console.log
    ≡ƒöä Step started: Adding message

      at ProgressTracker.startStep (src/services/ProgressTracker.ts:85:15)

  console.log
    Γ£à Step completed: Adding message

      at ProgressTracker.completeStep (src/services/ProgressTracker.ts:102:15)

  console.log
    ≡ƒöä Step started: Running assistant

      at ProgressTracker.startStep (src/services/ProgressTracker.ts:85:15)

  console.log
    ΓÅ│ Assistant run in progress: queued (0.0%)

      at OpenAIAssistantService.waitForRunCompletionWithProgress (src/services/AssistantService.ts:659:15)

  console.log
    ΓÅ│ Assistant run in progress: in_progress (11.3%)

      at OpenAIAssistantService.waitForRunCompletionWithProgress (src/services/AssistantService.ts:659:15)

  console.log
    Γ£à Step completed: Running assistant

      at ProgressTracker.completeStep (src/services/ProgressTracker.ts:102:15)

  console.log
    ≡ƒöä Step started: Getting response

      at ProgressTracker.startStep (src/services/ProgressTracker.ts:85:15)

  console.log
    Γ£à Step completed: Getting response

      at ProgressTracker.completeStep (src/services/ProgressTracker.ts:102:15)

  console.log
    ≡ƒÄë Operation completed: query_1768347454712

      at ProgressTracker.completeOperation (src/services/ProgressTracker.ts:152:13)

  console.error
    Plot point extraction failed. Raw response: [
      {
        "id": "opening_situation",
        "description": "Alice, a curious young girl from a small village, meets Bob, a wise old man who tells her about a magical treasure hidden in the mountains.",
        "sequence": 1
      },
      {
        "id": "rising_action",
        "description": "Alice, along with Charlie, a brave knight, embarks on a journey to find the treasure, facing dangerous lands and meeting Diana, a mysterious witch who provides a magical map.",
        "sequence": 2
      },
      {
        "id": "turning_point",
        "description": "Alice and her friends confront and overcome various challenges including a raging river, a steep mountain, and ancient riddles.",
        "sequence": 3
      },
      {
        "id": "falling_action",
        "description": "At the mountain's peak, they discover that the true treasure is the friendship formed among them, symbolizing the journey's real value.",
        "sequence": 4
      },
      {
        "id": "resolution",
        "description": "Returning as heroes to their village, Alice shares their story, emphasizing the importance of bonds and friendship, resolving to continue exploring with her new companions.",
        "sequence": 5
      }
    ]

    [0m [90m 465 |[39m       [36mreturn[39m validatedPlotPoints[33m;[39m
     [90m 466 |[39m     } [36mcatch[39m (parseError) {
    [31m[1m>[22m[39m[90m 467 |[39m       console[33m.[39merror([32m'Plot point extraction failed. Raw response:'[39m[33m,[39m response)[33m;[39m
     [90m     |[39m               [31m[1m^[22m[39m
     [90m 468 |[39m       console[33m.[39merror([32m'Parse error:'[39m[33m,[39m parseError)[33m;[39m
     [90m 469 |[39m       [36mthrow[39m [36mnew[39m [33mError[39m([32m'Invalid JSON response from Assistant for plot point extraction'[39m)[33m;[39m
     [90m 470 |[39m     }[0m

      at DefaultNovelAnalyzer.extractPlotPointsWithAssistant (src/services/NovelAnalyzer.ts:467:15)
      at src/services/NovelAnalyzer.ts:122:30
      at ProgressTracker.withProgress (src/services/ProgressTracker.ts:275:22)
      at DefaultNovelAnalyzer.analyzeNovel (src/services/NovelAnalyzer.ts:55:16)
      at Object.<anonymous> (src/services/LargeNovelIntegration.test.ts:273:24)

  console.error
    Parse error: Error: Invalid plot point data at index 0: missing or invalid fields
        at DefaultNovelAnalyzer.extractPlotPointsWithAssistant (C:\Users\conce\OneDrive\Desktop\DandD\src\services\NovelAnalyzer.ts:460:17)
        at processTicksAndRejections (node:internal/process/task_queues:103:5)
        at C:\Users\conce\OneDrive\Desktop\DandD\src\services\NovelAnalyzer.ts:122:30
        at ProgressTracker.withProgress (C:\Users\conce\OneDrive\Desktop\DandD\src\services\ProgressTracker.ts:275:22)
        at DefaultNovelAnalyzer.analyzeNovel (C:\Users\conce\OneDrive\Desktop\DandD\src\services\NovelAnalyzer.ts:55:16)
        at Object.<anonymous> (C:\Users\conce\OneDrive\Desktop\DandD\src\services\LargeNovelIntegration.test.ts:273:24)

    [0m [90m 466 |[39m     } [36mcatch[39m (parseError) {
     [90m 467 |[39m       console[33m.[39merror([32m'Plot point extraction failed. Raw response:'[39m[33m,[39m response)[33m;[39m
    [31m[1m>[22m[39m[90m 468 |[39m       console[33m.[39merror([32m'Parse error:'[39m[33m,[39m parseError)[33m;[39m
     [90m     |[39m               [31m[1m^[22m[39m
     [90m 469 |[39m       [36mthrow[39m [36mnew[39m [33mError[39m([32m'Invalid JSON response from Assistant for plot point extraction'[39m)[33m;[39m
     [90m 470 |[39m     }
     [90m 471 |[39m   }[0m

      at DefaultNovelAnalyzer.extractPlotPointsWithAssistant (src/services/NovelAnalyzer.ts:468:15)
      at src/services/NovelAnalyzer.ts:122:30
      at ProgressTracker.withProgress (src/services/ProgressTracker.ts:275:22)
      at DefaultNovelAnalyzer.analyzeNovel (src/services/NovelAnalyzer.ts:55:16)
      at Object.<anonymous> (src/services/LargeNovelIntegration.test.ts:273:24)

  console.log
    ≡ƒº╣ Cleaning up Assistant API resources...

      at DefaultNovelAnalyzer.cleanup (src/services/NovelAnalyzer.ts:534:15)

  console.log
    ≡ƒùæ∩╕Å Assistant deleted: asst_UJoLzmaHARejMYX0PNUW8nLw

      at OpenAIAssistantService.cleanup (src/services/AssistantService.ts:701:19)

  console.log
    ≡ƒùæ∩╕Å File deleted: file-KUxym5wWhvLLfEwWsDEHTm

      at OpenAIAssistantService.cleanup (src/services/AssistantService.ts:724:19)

  console.error
    Γ¥î Step failed: Extracting plot points Error: Assistant API analysis failed: Invalid JSON response from Assistant for plot point extraction
        at C:\Users\conce\OneDrive\Desktop\DandD\src\services\NovelAnalyzer.ts:180:17
        at processTicksAndRejections (node:internal/process/task_queues:103:5)
        at ProgressTracker.withProgress (C:\Users\conce\OneDrive\Desktop\DandD\src\services\ProgressTracker.ts:275:22)
        at DefaultNovelAnalyzer.analyzeNovel (C:\Users\conce\OneDrive\Desktop\DandD\src\services\NovelAnalyzer.ts:55:16)
        at Object.<anonymous> (C:\Users\conce\OneDrive\Desktop\DandD\src\services\LargeNovelIntegration.test.ts:273:24)

    [0m [90m 118 |[39m       step[33m.[39merror [33m=[39m error[33m;[39m
     [90m 119 |[39m       
    [31m[1m>[22m[39m[90m 120 |[39m       console[33m.[39merror([32m`Γ¥î Step failed: ${step.name}`[39m[33m,[39m error)[33m;[39m
     [90m     |[39m               [31m[1m^[22m[39m
     [90m 121 |[39m       [36mthis[39m[33m.[39mnotifyProgress(operationId)[33m;[39m
     [90m 122 |[39m     }
     [90m 123 |[39m   }[0m

      at ProgressTracker.failStep (src/services/ProgressTracker.ts:120:15)
      at ProgressTracker.withProgress (src/services/ProgressTracker.ts:282:14)
      at DefaultNovelAnalyzer.analyzeNovel (src/services/NovelAnalyzer.ts:55:16)
      at Object.<anonymous> (src/services/LargeNovelIntegration.test.ts:273:24)

  console.error
    Assistant API failed: Assistant API analysis failed: Invalid JSON response from Assistant for plot point extraction

    [0m [90m 61 |[39m       }
     [90m 62 |[39m     } [36mcatch[39m (error) {
    [31m[1m>[22m[39m[90m 63 |[39m       console[33m.[39merror([32m`Assistant API failed: ${error instanceof Error ? error.message : 'Unknown error'}`[39m)[33m;[39m
     [90m    |[39m               [31m[1m^[22m[39m
     [90m 64 |[39m       [36mthrow[39m error[33m;[39m [90m// Re-throw the error - no fallback in RAG-only mode[39m
     [90m 65 |[39m     }
     [90m 66 |[39m   }[0m

      at DefaultNovelAnalyzer.analyzeNovel (src/services/NovelAnalyzer.ts:63:15)
      at Object.<anonymous> (src/services/LargeNovelIntegration.test.ts:273:24)

node.exe : FAIL src/services/LargeNovelIntegration.test.ts (31.362 s)
At line:1 char:1
+ & "C:\Program Files\nodejs/node.exe" "C:\Program Files\nodejs/node_mo ...
+ ~~~~~~~~~~~~~~~~~~~~~~~~~~~~~~~~~~~~~~~~~~~~~~~~~~~~~~~~~~~~~~~~~~~~~
    + CategoryInfo          : NotSpecified: (FAIL src/servic...t.ts (31.362 s):String) [], Rem 
   oteException
    + FullyQualifiedErrorId : NativeCommandError
 
  Large Novel Integration Tests with Assistant API
    Pride and Prejudice Processing (~387k characters)
      Γùï skipped should successfully process Pride and Prejudice without token limit errors
      Γùï skipped should extract accurate character information from Pride and Prejudice
      Γùï skipped should extract coherent plot points from Pride and Prejudice
      Γùï skipped should identify narrative structure from Pride and Prejudice
    Resource Cleanup After Large Novel Processing
      Γùï skipped should cleanup resources after successful Pride and Prejudice analysis
      Γùï skipped should cleanup resources even when analysis fails
      Γùï skipped should handle concurrent cleanup operations safely
    Performance and Quality with Various Novel Sizes
      ├ù should process small novels efficiently with Assistant API (29555 ms)
      Γùï skipped should maintain quality across different novel sizes
    Assistant API Direct Operations with Large Files
      Γùï skipped should upload large novel file successfully
      Γùï skipped should create assistant with large novel file
      Γùï skipped should query assistant about large novel content
    Error Handling with Large Novels
      Γùï skipped should handle file size validation correctly
      Γùï skipped should provide meaningful errors for invalid files
      Γùï skipped should validate analysis completeness for large novels

  ΓùÅ Large Novel Integration Tests with Assistant API ΓÇ║ Performance and Quality with 
Various Novel Sizes ΓÇ║ should process small novels efficiently with Assistant API

    Assistant API analysis failed: Invalid JSON response from Assistant for plot point 
extraction

    [0m [90m 178 |[39m           validationErrors[33m.[39mpush([32m`Novel analysis 
failed: ${errorMessage}`[39m)[33m;[39m
     [90m 179 |[39m           
    [31m[1m>[22m[39m[90m 180 |[39m           [36mthrow[39m [36mnew[39m 
[33mError[39m([32m`Assistant API analysis failed: ${errorMessage}`[39m)[33m;[39m
     [90m     |[39m                 [31m[1m^[22m[39m
     [90m 181 |[39m         }
     [90m 182 |[39m       }[33m,[39m
     [90m 183 |[39m       progressCallback[0m

      at src/services/NovelAnalyzer.ts:180:17
      at ProgressTracker.withProgress (src/services/ProgressTracker.ts:275:22)
      at DefaultNovelAnalyzer.analyzeNovel (src/services/NovelAnalyzer.ts:55:16)
      at Object.<anonymous> (src/services/LargeNovelIntegration.test.ts:273:24)

Test Suites: 1 failed, 1 total
Tests:       1 failed, 14 skipped, 15 total
Snapshots:   0 total
Time:        31.916 s
Ran all test suites matching /src\\services\\LargeNovelIntegration.test.ts/i with tests 
matching "should process small novels".
